18:34:53:829  INFO 37840 --- [main] com.hmall.user.UserApplication           : The following 1 profile is active: "dev"
18:34:54:208  INFO 37840 --- [main] .s.d.r.c.RepositoryConfigurationDelegate : Multiple Spring Data modules found, entering strict repository configuration mode
18:34:54:211  INFO 37840 --- [main] .s.d.r.c.RepositoryConfigurationDelegate : Bootstrapping Spring Data Redis repositories in DEFAULT mode.
18:34:54:225  INFO 37840 --- [main] .s.d.r.c.RepositoryConfigurationDelegate : Finished Spring Data repository scanning in 5 ms. Found 0 Redis repository interfaces.
18:34:54:353  INFO 37840 --- [main] o.s.cloud.context.scope.GenericScope     : BeanFactory id=6f11d534-17c1-37c1-9341-4817579291d4
18:34:54:609  INFO 37840 --- [main] o.s.b.w.embedded.tomcat.TomcatWebServer  : Tomcat initialized with port(s): 8084 (http)
18:34:54:615  INFO 37840 --- [main] o.apache.catalina.core.StandardService   : Starting service [Tomcat]
18:34:54:615  INFO 37840 --- [main] org.apache.catalina.core.StandardEngine  : Starting Servlet engine: [Apache Tomcat/9.0.75]
18:34:54:714  INFO 37840 --- [main] o.a.c.c.C.[Tomcat].[localhost].[/]       : Initializing Spring embedded WebApplicationContext
18:34:54:715  INFO 37840 --- [main] w.s.c.ServletWebServerApplicationContext : Root WebApplicationContext: initialization completed in 875 ms
18:34:55:763  INFO 37840 --- [main] pertySourcedRequestMappingHandlerMapping : Mapped URL path [/v2/api-docs] onto method [springfox.documentation.swagger2.web.Swagger2ControllerWebMvc#getDocumentation(String, HttpServletRequest)]
18:34:56:099  INFO 37840 --- [main] com.alibaba.nacos.common.remote.client   : [RpcClientFactory] create a new rpc client of 54f43ed5-64cd-42e6-8ca6-2b4ae7ab3fe9
18:34:56:099  INFO 37840 --- [main] com.alibaba.nacos.common.remote.client   : [54f43ed5-64cd-42e6-8ca6-2b4ae7ab3fe9] RpcClient init label, labels = {module=naming, source=sdk}
18:34:56:100  INFO 37840 --- [main] com.alibaba.nacos.common.remote.client   : [54f43ed5-64cd-42e6-8ca6-2b4ae7ab3fe9] RpcClient init, ServerListFactory = com.alibaba.nacos.client.naming.core.ServerListManager
18:34:56:100  INFO 37840 --- [main] com.alibaba.nacos.common.remote.client   : [54f43ed5-64cd-42e6-8ca6-2b4ae7ab3fe9] Registry connection listener to current client:com.alibaba.nacos.client.naming.remote.gprc.redo.NamingGrpcRedoService
18:34:56:100  INFO 37840 --- [main] com.alibaba.nacos.common.remote.client   : [54f43ed5-64cd-42e6-8ca6-2b4ae7ab3fe9] Register server push request handler:com.alibaba.nacos.client.naming.remote.gprc.NamingPushRequestHandler
18:34:56:101  INFO 37840 --- [main] com.alibaba.nacos.common.remote.client   : [54f43ed5-64cd-42e6-8ca6-2b4ae7ab3fe9] Try to connect to server on start up, server: {serverIp = '127.0.0.1', server main port = 8848}
18:34:56:223  INFO 37840 --- [main] com.alibaba.nacos.common.remote.client   : [54f43ed5-64cd-42e6-8ca6-2b4ae7ab3fe9] Success to connect to server [127.0.0.1:8848] on start up, connectionId = 1758796496107_127.0.0.1_55497
18:34:56:223  INFO 37840 --- [main] com.alibaba.nacos.common.remote.client   : [54f43ed5-64cd-42e6-8ca6-2b4ae7ab3fe9] Register server push request handler:com.alibaba.nacos.common.remote.client.RpcClient$ConnectResetRequestHandler
18:34:56:223  INFO 37840 --- [com.alibaba.nacos.client.remote.worker] com.alibaba.nacos.common.remote.client   : [54f43ed5-64cd-42e6-8ca6-2b4ae7ab3fe9] Notify connected event to listeners.
18:34:56:223  INFO 37840 --- [main] com.alibaba.nacos.common.remote.client   : [54f43ed5-64cd-42e6-8ca6-2b4ae7ab3fe9] Register server push request handler:com.alibaba.nacos.common.remote.client.RpcClient$$Lambda$416/0x0000000801083250
18:34:56:267  INFO 37840 --- [main] o.s.b.w.embedded.tomcat.TomcatWebServer  : Tomcat started on port(s): 8084 (http) with context path ''
18:34:56:274  INFO 37840 --- [main] c.a.c.n.registry.NacosServiceRegistry    : nacos registry, DEFAULT_GROUP user-service 192.168.21.1:8084 register finished
18:34:56:384  INFO 37840 --- [main] d.s.w.p.DocumentationPluginsBootstrapper : Documentation plugins bootstrapped
18:34:56:386  INFO 37840 --- [main] d.s.w.p.DocumentationPluginsBootstrapper : Found 1 custom documentation plugin(s)
18:34:56:398  INFO 37840 --- [main] s.d.s.w.s.ApiListingReferenceScanner     : Scanning for api listing references
18:34:56:461  INFO 37840 --- [main] com.hmall.user.UserApplication           : Started UserApplication in 4.372 seconds (JVM running for 4.605)
18:34:56:464  INFO 37840 --- [main] c.a.c.n.refresh.NacosContextRefresher    : [Nacos Config] Listening config: dataId=user-service.yaml, group=DEFAULT_GROUP
18:34:56:465  INFO 37840 --- [main] c.a.c.n.refresh.NacosContextRefresher    : [Nacos Config] Listening config: dataId=user-service-dev.yaml, group=DEFAULT_GROUP
18:34:56:465  INFO 37840 --- [main] c.a.c.n.refresh.NacosContextRefresher    : [Nacos Config] Listening config: dataId=user-service, group=DEFAULT_GROUP
18:34:56:796  INFO 37840 --- [nacos-grpc-client-executor-7] com.alibaba.nacos.common.remote.client   : [54f43ed5-64cd-42e6-8ca6-2b4ae7ab3fe9] Receive server push request, request = NotifySubscriberRequest, requestId = 7
18:34:56:798  INFO 37840 --- [nacos-grpc-client-executor-7] com.alibaba.nacos.common.remote.client   : [54f43ed5-64cd-42e6-8ca6-2b4ae7ab3fe9] Ack server push request, request = NotifySubscriberRequest, requestId = 7
18:35:04:486  INFO 37840 --- [http-nio-8084-exec-1] o.a.c.c.C.[Tomcat].[localhost].[/]       : Initializing Spring DispatcherServlet 'dispatcherServlet'
18:35:04:487  INFO 37840 --- [http-nio-8084-exec-1] o.s.web.servlet.DispatcherServlet        : Initializing Servlet 'dispatcherServlet'
18:35:04:488  INFO 37840 --- [http-nio-8084-exec-1] o.s.web.servlet.DispatcherServlet        : Completed initialization in 1 ms
18:35:04:696  INFO 37840 --- [http-nio-8084-exec-1] com.zaxxer.hikari.HikariDataSource       : HikariPool-1 - Starting...
18:35:05:976  INFO 37840 --- [http-nio-8084-exec-1] com.zaxxer.hikari.HikariDataSource       : HikariPool-1 - Start completed.
18:35:05:986 DEBUG 37840 --- [http-nio-8084-exec-1] c.h.user.mapper.UserMapper.selectList    : ==>  Preparing: SELECT id,username,password,phone,create_time,update_time,status,balance FROM user WHERE (username = ?)
18:35:06:064 DEBUG 37840 --- [http-nio-8084-exec-1] c.h.user.mapper.UserMapper.selectList    : ==> Parameters: Jack(String)
18:35:06:228 DEBUG 37840 --- [http-nio-8084-exec-1] c.h.user.mapper.UserMapper.selectList    : <==      Total: 1
19:56:58:139  WARN 37840 --- [Thread-5] c.a.nacos.common.notify.NotifyCenter     : [NotifyCenter] Start destroying Publisher
19:56:58:138  WARN 37840 --- [Thread-1] c.a.n.common.http.HttpClientBeanHolder   : [HttpClientBeanHolder] Start destroying common HttpClient
19:56:58:139  WARN 37840 --- [Thread-5] c.a.nacos.common.notify.NotifyCenter     : [NotifyCenter] Destruction of the end
19:56:58:142  WARN 37840 --- [Thread-1] c.a.n.common.http.HttpClientBeanHolder   : [HttpClientBeanHolder] Destruction of the end
19:56:58:180  INFO 37840 --- [SpringApplicationShutdownHook] c.a.c.n.registry.NacosServiceRegistry    : De-registering from Nacos Server now...
19:56:58:183  INFO 37840 --- [SpringApplicationShutdownHook] c.a.c.n.registry.NacosServiceRegistry    : De-registration finished.
19:56:58:258  INFO 37840 --- [SpringApplicationShutdownHook] com.alibaba.nacos.common.remote.client   : Shutdown rpc client, set status to shutdown
19:56:58:258  INFO 37840 --- [SpringApplicationShutdownHook] com.alibaba.nacos.common.remote.client   : Shutdown client event executor java.util.concurrent.ScheduledThreadPoolExecutor@6510831a[Running, pool size = 2, active threads = 2, queued tasks = 0, completed tasks = 0]
19:56:58:258  INFO 37840 --- [SpringApplicationShutdownHook] com.alibaba.nacos.common.remote.client   : Close current connection 1758796496107_127.0.0.1_55497
19:56:58:259  INFO 37840 --- [nacos-grpc-client-executor-993] c.a.n.c.remote.client.grpc.GrpcClient    : [1758796496107_127.0.0.1_55497]Ignore complete event,isRunning:false,isAbandon=false
19:56:58:261  INFO 37840 --- [SpringApplicationShutdownHook] c.a.n.c.remote.client.grpc.GrpcClient    : Shutdown grpc executor java.util.concurrent.ThreadPoolExecutor@7a3dd0f3[Running, pool size = 5, active threads = 0, queued tasks = 0, completed tasks = 994]
19:56:58:274  INFO 37840 --- [SpringApplicationShutdownHook] com.zaxxer.hikari.HikariDataSource       : HikariPool-1 - Shutdown initiated...
