03:16:02:770  INFO 3476 --- [main] com.hmall.gateway.GatewayApplication     : No active profile set, falling back to 1 default profile: "default"
03:16:03:287  INFO 3476 --- [main] o.s.cloud.context.scope.GenericScope     : BeanFactory id=8a05c345-2a02-398f-89d4-696eaabe32d9
03:16:03:315  INFO 3476 --- [main] trationDelegate$BeanPostProcessorChecker : Bean 'org.springframework.cloud.client.loadbalancer.reactive.LoadBalancerBeanPostProcessorAutoConfiguration' of type [org.springframework.cloud.client.loadbalancer.reactive.LoadBalancerBeanPostProcessorAutoConfiguration] is not eligible for getting processed by all BeanPostProcessors (for example: not eligible for auto-proxying)
03:16:03:316  INFO 3476 --- [main] trationDelegate$BeanPostProcessorChecker : Bean 'org.springframework.cloud.client.loadbalancer.reactive.LoadBalancerBeanPostProcessorAutoConfiguration$ReactorDeferringLoadBalancerFilterConfig' of type [org.springframework.cloud.client.loadbalancer.reactive.LoadBalancerBeanPostProcessorAutoConfiguration$ReactorDeferringLoadBalancerFilterConfig] is not eligible for getting processed by all BeanPostProcessors (for example: not eligible for auto-proxying)
03:16:03:317  INFO 3476 --- [main] trationDelegate$BeanPostProcessorChecker : Bean 'reactorDeferringLoadBalancerExchangeFilterFunction' of type [org.springframework.cloud.client.loadbalancer.reactive.DeferringLoadBalancerExchangeFilterFunction] is not eligible for getting processed by all BeanPostProcessors (for example: not eligible for auto-proxying)
03:16:04:267 DEBUG 3476 --- [main] c.h.gateway.route.DynamicRouteLoader     : 监听到路由配置变更，[
    {
        "id": "item",
        "predicates": [{
            "name": "Path",
            "args": {"_genkey_0":"/items/**", "_genkey_1":"/search/**"}
        }],
        "filters": [],
        "uri": "lb://item-service"
    },
    {
        "id": "cart",
        "predicates": [{
            "name": "Path",
            "args": {"_genkey_0":"/carts/**"}
        }],
        "filters": [],
        "uri": "lb://cart-service"
    },
    {
        "id": "user",
        "predicates": [{
            "name": "Path",
            "args": {"_genkey_0":"/users/**", "_genkey_1":"/addresses/**"}
        }],
        "filters": [],
        "uri": "lb://user-service"
    },
    {
        "id": "trade",
        "predicates": [{
            "name": "Path",
            "args": {"_genkey_0":"/orders/**"}
        }],
        "filters": [],
        "uri": "lb://trade-service"
    },
    {
        "id": "pay",
        "predicates": [{
            "name": "Path",
            "args": {"_genkey_0":"/pay-orders/**"}
        }],
        "filters": [],
        "uri": "lb://pay-service"
    }
]
03:16:04:970  INFO 3476 --- [main] o.s.c.g.r.RouteDefinitionRouteLocator    : Loaded RoutePredicateFactory [After]
03:16:04:971  INFO 3476 --- [main] o.s.c.g.r.RouteDefinitionRouteLocator    : Loaded RoutePredicateFactory [Before]
03:16:04:971  INFO 3476 --- [main] o.s.c.g.r.RouteDefinitionRouteLocator    : Loaded RoutePredicateFactory [Between]
03:16:04:971  INFO 3476 --- [main] o.s.c.g.r.RouteDefinitionRouteLocator    : Loaded RoutePredicateFactory [Cookie]
03:16:04:971  INFO 3476 --- [main] o.s.c.g.r.RouteDefinitionRouteLocator    : Loaded RoutePredicateFactory [Header]
03:16:04:973  INFO 3476 --- [main] o.s.c.g.r.RouteDefinitionRouteLocator    : Loaded RoutePredicateFactory [Host]
03:16:04:973  INFO 3476 --- [main] o.s.c.g.r.RouteDefinitionRouteLocator    : Loaded RoutePredicateFactory [Method]
03:16:04:973  INFO 3476 --- [main] o.s.c.g.r.RouteDefinitionRouteLocator    : Loaded RoutePredicateFactory [Path]
03:16:04:973  INFO 3476 --- [main] o.s.c.g.r.RouteDefinitionRouteLocator    : Loaded RoutePredicateFactory [Query]
03:16:04:973  INFO 3476 --- [main] o.s.c.g.r.RouteDefinitionRouteLocator    : Loaded RoutePredicateFactory [ReadBody]
03:16:04:973  INFO 3476 --- [main] o.s.c.g.r.RouteDefinitionRouteLocator    : Loaded RoutePredicateFactory [RemoteAddr]
03:16:04:974  INFO 3476 --- [main] o.s.c.g.r.RouteDefinitionRouteLocator    : Loaded RoutePredicateFactory [XForwardedRemoteAddr]
03:16:04:974  INFO 3476 --- [main] o.s.c.g.r.RouteDefinitionRouteLocator    : Loaded RoutePredicateFactory [Weight]
03:16:04:974  INFO 3476 --- [main] o.s.c.g.r.RouteDefinitionRouteLocator    : Loaded RoutePredicateFactory [CloudFoundryRouteService]
03:16:05:258  INFO 3476 --- [main] com.alibaba.nacos.common.remote.client   : [RpcClientFactory] create a new rpc client of 4bed1f2b-fa7b-434b-97f8-c58b29686649
03:16:05:258  INFO 3476 --- [main] com.alibaba.nacos.common.remote.client   : [4bed1f2b-fa7b-434b-97f8-c58b29686649] RpcClient init label, labels = {module=naming, source=sdk}
03:16:05:259  INFO 3476 --- [main] com.alibaba.nacos.common.remote.client   : [4bed1f2b-fa7b-434b-97f8-c58b29686649] RpcClient init, ServerListFactory = com.alibaba.nacos.client.naming.core.ServerListManager
03:16:05:260  INFO 3476 --- [main] com.alibaba.nacos.common.remote.client   : [4bed1f2b-fa7b-434b-97f8-c58b29686649] Registry connection listener to current client:com.alibaba.nacos.client.naming.remote.gprc.redo.NamingGrpcRedoService
03:16:05:260  INFO 3476 --- [main] com.alibaba.nacos.common.remote.client   : [4bed1f2b-fa7b-434b-97f8-c58b29686649] Register server push request handler:com.alibaba.nacos.client.naming.remote.gprc.NamingPushRequestHandler
03:16:05:260  INFO 3476 --- [main] com.alibaba.nacos.common.remote.client   : [4bed1f2b-fa7b-434b-97f8-c58b29686649] Try to connect to server on start up, server: {serverIp = '127.0.0.1', server main port = 8848}
03:16:05:388  INFO 3476 --- [main] com.alibaba.nacos.common.remote.client   : [4bed1f2b-fa7b-434b-97f8-c58b29686649] Success to connect to server [127.0.0.1:8848] on start up, connectionId = 1758222965266_127.0.0.1_65199
03:16:05:390  INFO 3476 --- [main] com.alibaba.nacos.common.remote.client   : [4bed1f2b-fa7b-434b-97f8-c58b29686649] Register server push request handler:com.alibaba.nacos.common.remote.client.RpcClient$ConnectResetRequestHandler
03:16:05:390  INFO 3476 --- [com.alibaba.nacos.client.remote.worker] com.alibaba.nacos.common.remote.client   : [4bed1f2b-fa7b-434b-97f8-c58b29686649] Notify connected event to listeners.
03:16:05:391  INFO 3476 --- [main] com.alibaba.nacos.common.remote.client   : [4bed1f2b-fa7b-434b-97f8-c58b29686649] Register server push request handler:com.alibaba.nacos.common.remote.client.RpcClient$$Lambda$407/0x0000000801063250
03:16:05:624  INFO 3476 --- [main] o.s.b.web.embedded.netty.NettyWebServer  : Netty started on port 8080
03:16:05:822  INFO 3476 --- [main] c.a.c.n.registry.NacosServiceRegistry    : nacos registry, DEFAULT_GROUP gateway 192.168.21.1:8080 register finished
03:16:05:835  INFO 3476 --- [main] com.hmall.gateway.GatewayApplication     : Started GatewayApplication in 4.822 seconds (JVM running for 5.045)
03:16:05:837  INFO 3476 --- [main] c.a.c.n.refresh.NacosContextRefresher    : [Nacos Config] Listening config: dataId=gateway.yaml, group=DEFAULT_GROUP
03:16:05:837  INFO 3476 --- [main] c.a.c.n.refresh.NacosContextRefresher    : [Nacos Config] Listening config: dataId=gateway, group=DEFAULT_GROUP
03:16:05:948  INFO 3476 --- [nacos-grpc-client-executor-7] com.alibaba.nacos.common.remote.client   : [4bed1f2b-fa7b-434b-97f8-c58b29686649] Receive server push request, request = NotifySubscriberRequest, requestId = 3
03:16:05:951  INFO 3476 --- [nacos-grpc-client-executor-7] com.alibaba.nacos.common.remote.client   : [4bed1f2b-fa7b-434b-97f8-c58b29686649] Ack server push request, request = NotifySubscriberRequest, requestId = 3
03:38:58:051  INFO 3476 --- [nacos-grpc-client-executor-287] com.alibaba.nacos.common.remote.client   : [4bed1f2b-fa7b-434b-97f8-c58b29686649] Receive server push request, request = NotifySubscriberRequest, requestId = 11
03:38:58:051  INFO 3476 --- [nacos-grpc-client-executor-287] com.alibaba.nacos.common.remote.client   : [4bed1f2b-fa7b-434b-97f8-c58b29686649] Ack server push request, request = NotifySubscriberRequest, requestId = 11
03:39:00:599  INFO 3476 --- [nacos-grpc-client-executor-290] com.alibaba.nacos.common.remote.client   : [4bed1f2b-fa7b-434b-97f8-c58b29686649] Receive server push request, request = NotifySubscriberRequest, requestId = 12
03:39:00:599  INFO 3476 --- [nacos-grpc-client-executor-290] com.alibaba.nacos.common.remote.client   : [4bed1f2b-fa7b-434b-97f8-c58b29686649] Ack server push request, request = NotifySubscriberRequest, requestId = 12
03:39:07:512  INFO 3476 --- [nacos-grpc-client-executor-294] com.alibaba.nacos.common.remote.client   : [4bed1f2b-fa7b-434b-97f8-c58b29686649] Receive server push request, request = NotifySubscriberRequest, requestId = 13
03:39:07:512  INFO 3476 --- [nacos-grpc-client-executor-294] com.alibaba.nacos.common.remote.client   : [4bed1f2b-fa7b-434b-97f8-c58b29686649] Ack server push request, request = NotifySubscriberRequest, requestId = 13
03:43:09:963  INFO 3476 --- [nacos-grpc-client-executor-352] com.alibaba.nacos.common.remote.client   : [4bed1f2b-fa7b-434b-97f8-c58b29686649] Receive server push request, request = NotifySubscriberRequest, requestId = 15
03:43:09:964  INFO 3476 --- [nacos-grpc-client-executor-352] com.alibaba.nacos.common.remote.client   : [4bed1f2b-fa7b-434b-97f8-c58b29686649] Ack server push request, request = NotifySubscriberRequest, requestId = 15
03:43:14:128  INFO 3476 --- [nacos-grpc-client-executor-355] com.alibaba.nacos.common.remote.client   : [4bed1f2b-fa7b-434b-97f8-c58b29686649] Receive server push request, request = NotifySubscriberRequest, requestId = 18
03:43:14:129  INFO 3476 --- [nacos-grpc-client-executor-355] com.alibaba.nacos.common.remote.client   : [4bed1f2b-fa7b-434b-97f8-c58b29686649] Ack server push request, request = NotifySubscriberRequest, requestId = 18
