01:05:30:499  INFO 25204 --- [main] com.hmall.pay.PayApplication             : The following 1 profile is active: "dev"
01:05:30:930  INFO 25204 --- [main] .s.d.r.c.RepositoryConfigurationDelegate : Multiple Spring Data modules found, entering strict repository configuration mode
01:05:30:931  INFO 25204 --- [main] .s.d.r.c.RepositoryConfigurationDelegate : Bootstrapping Spring Data Redis repositories in DEFAULT mode.
01:05:30:943  INFO 25204 --- [main] .s.d.r.c.RepositoryConfigurationDelegate : Finished Spring Data repository scanning in 5 ms. Found 0 Redis repository interfaces.
01:05:31:071  INFO 25204 --- [main] o.s.cloud.context.scope.GenericScope     : BeanFactory id=6bd168e7-7b38-3619-a273-80e0e230a18e
01:05:31:501  INFO 25204 --- [main] o.s.b.w.embedded.tomcat.TomcatWebServer  : Tomcat initialized with port(s): 8086 (http)
01:05:31:506  INFO 25204 --- [main] o.apache.catalina.core.StandardService   : Starting service [Tomcat]
01:05:31:507  INFO 25204 --- [main] org.apache.catalina.core.StandardEngine  : Starting Servlet engine: [Apache Tomcat/9.0.75]
01:05:31:583  INFO 25204 --- [main] o.a.c.c.C.[Tomcat].[localhost].[/]       : Initializing Spring embedded WebApplicationContext
01:05:31:583  INFO 25204 --- [main] w.s.c.ServletWebServerApplicationContext : Root WebApplicationContext: initialization completed in 1070 ms
01:05:31:690  INFO 25204 --- [main] o.s.c.openfeign.FeignClientFactoryBean   : For 'user-service' URL not provided. Will try picking an instance via load-balancing.
01:05:32:425  INFO 25204 --- [main] pertySourcedRequestMappingHandlerMapping : Mapped URL path [/v2/api-docs] onto method [springfox.documentation.swagger2.web.Swagger2ControllerWebMvc#getDocumentation(String, HttpServletRequest)]
01:05:32:830  INFO 25204 --- [main] com.alibaba.nacos.common.remote.client   : [RpcClientFactory] create a new rpc client of 6295828f-9058-4360-9613-09ec67b8b68d
01:05:32:831  INFO 25204 --- [main] com.alibaba.nacos.common.remote.client   : [6295828f-9058-4360-9613-09ec67b8b68d] RpcClient init label, labels = {module=naming, source=sdk}
01:05:32:833  INFO 25204 --- [main] com.alibaba.nacos.common.remote.client   : [6295828f-9058-4360-9613-09ec67b8b68d] RpcClient init, ServerListFactory = com.alibaba.nacos.client.naming.core.ServerListManager
01:05:32:833  INFO 25204 --- [main] com.alibaba.nacos.common.remote.client   : [6295828f-9058-4360-9613-09ec67b8b68d] Registry connection listener to current client:com.alibaba.nacos.client.naming.remote.gprc.redo.NamingGrpcRedoService
01:05:32:833  INFO 25204 --- [main] com.alibaba.nacos.common.remote.client   : [6295828f-9058-4360-9613-09ec67b8b68d] Register server push request handler:com.alibaba.nacos.client.naming.remote.gprc.NamingPushRequestHandler
01:05:32:833  INFO 25204 --- [main] com.alibaba.nacos.common.remote.client   : [6295828f-9058-4360-9613-09ec67b8b68d] Try to connect to server on start up, server: {serverIp = '127.0.0.1', server main port = 8848}
01:05:32:953  INFO 25204 --- [main] com.alibaba.nacos.common.remote.client   : [6295828f-9058-4360-9613-09ec67b8b68d] Success to connect to server [127.0.0.1:8848] on start up, connectionId = 1758647132839_127.0.0.1_50196
01:05:32:953  INFO 25204 --- [main] com.alibaba.nacos.common.remote.client   : [6295828f-9058-4360-9613-09ec67b8b68d] Register server push request handler:com.alibaba.nacos.common.remote.client.RpcClient$ConnectResetRequestHandler
01:05:32:953  INFO 25204 --- [com.alibaba.nacos.client.remote.worker] com.alibaba.nacos.common.remote.client   : [6295828f-9058-4360-9613-09ec67b8b68d] Notify connected event to listeners.
01:05:32:953  INFO 25204 --- [main] com.alibaba.nacos.common.remote.client   : [6295828f-9058-4360-9613-09ec67b8b68d] Register server push request handler:com.alibaba.nacos.common.remote.client.RpcClient$$Lambda$416/0x0000000801082958
01:05:32:984  INFO 25204 --- [main] o.s.b.w.embedded.tomcat.TomcatWebServer  : Tomcat started on port(s): 8086 (http) with context path ''
01:05:32:991  INFO 25204 --- [main] c.a.c.n.registry.NacosServiceRegistry    : nacos registry, DEFAULT_GROUP pay-service 192.168.21.1:8086 register finished
01:05:33:102  INFO 25204 --- [main] d.s.w.p.DocumentationPluginsBootstrapper : Documentation plugins bootstrapped
01:05:33:104  INFO 25204 --- [main] d.s.w.p.DocumentationPluginsBootstrapper : Found 1 custom documentation plugin(s)
01:05:33:118  INFO 25204 --- [main] s.d.s.w.s.ApiListingReferenceScanner     : Scanning for api listing references
01:05:33:179  INFO 25204 --- [main] com.hmall.pay.PayApplication             : Started PayApplication in 4.376 seconds (JVM running for 4.609)
01:05:33:183  INFO 25204 --- [main] c.a.c.n.refresh.NacosContextRefresher    : [Nacos Config] Listening config: dataId=pay-service, group=DEFAULT_GROUP
01:05:33:183  INFO 25204 --- [main] c.a.c.n.refresh.NacosContextRefresher    : [Nacos Config] Listening config: dataId=pay-service-dev.yaml, group=DEFAULT_GROUP
01:05:33:183  INFO 25204 --- [main] c.a.c.n.refresh.NacosContextRefresher    : [Nacos Config] Listening config: dataId=pay-service.yaml, group=DEFAULT_GROUP
01:05:33:480  INFO 25204 --- [nacos-grpc-client-executor-9] com.alibaba.nacos.common.remote.client   : [6295828f-9058-4360-9613-09ec67b8b68d] Receive server push request, request = NotifySubscriberRequest, requestId = 4
01:05:33:482  INFO 25204 --- [nacos-grpc-client-executor-9] com.alibaba.nacos.common.remote.client   : [6295828f-9058-4360-9613-09ec67b8b68d] Ack server push request, request = NotifySubscriberRequest, requestId = 4
01:26:51:235  WARN 25204 --- [Thread-5] c.a.nacos.common.notify.NotifyCenter     : [NotifyCenter] Start destroying Publisher
01:26:51:236  WARN 25204 --- [Thread-1] c.a.n.common.http.HttpClientBeanHolder   : [HttpClientBeanHolder] Start destroying common HttpClient
01:26:51:236  WARN 25204 --- [Thread-5] c.a.nacos.common.notify.NotifyCenter     : [NotifyCenter] Destruction of the end
01:26:51:236  WARN 25204 --- [Thread-1] c.a.n.common.http.HttpClientBeanHolder   : [HttpClientBeanHolder] Destruction of the end
01:26:51:278  INFO 25204 --- [SpringApplicationShutdownHook] c.a.c.n.registry.NacosServiceRegistry    : De-registering from Nacos Server now...
01:26:51:280  INFO 25204 --- [SpringApplicationShutdownHook] c.a.c.n.registry.NacosServiceRegistry    : De-registration finished.
01:26:51:612  INFO 25204 --- [SpringApplicationShutdownHook] com.alibaba.nacos.common.remote.client   : Shutdown rpc client, set status to shutdown
01:26:51:612  INFO 25204 --- [SpringApplicationShutdownHook] com.alibaba.nacos.common.remote.client   : Shutdown client event executor java.util.concurrent.ScheduledThreadPoolExecutor@7775749c[Running, pool size = 2, active threads = 2, queued tasks = 0, completed tasks = 0]
01:26:51:613  INFO 25204 --- [SpringApplicationShutdownHook] com.alibaba.nacos.common.remote.client   : Close current connection 1758647132839_127.0.0.1_50196
01:26:51:613  INFO 25204 --- [nacos-grpc-client-executor-273] c.a.n.c.remote.client.grpc.GrpcClient    : [1758647132839_127.0.0.1_50196]Ignore complete event,isRunning:false,isAbandon=false
01:26:51:616  INFO 25204 --- [SpringApplicationShutdownHook] c.a.n.c.remote.client.grpc.GrpcClient    : Shutdown grpc executor java.util.concurrent.ThreadPoolExecutor@2f165b4c[Running, pool size = 5, active threads = 0, queued tasks = 0, completed tasks = 274]
01:28:27:206  INFO 34580 --- [main] com.hmall.pay.PayApplication             : The following 1 profile is active: "dev"
01:28:27:734  INFO 34580 --- [main] .s.d.r.c.RepositoryConfigurationDelegate : Multiple Spring Data modules found, entering strict repository configuration mode
01:28:27:736  INFO 34580 --- [main] .s.d.r.c.RepositoryConfigurationDelegate : Bootstrapping Spring Data Redis repositories in DEFAULT mode.
01:28:27:753  INFO 34580 --- [main] .s.d.r.c.RepositoryConfigurationDelegate : Finished Spring Data repository scanning in 6 ms. Found 0 Redis repository interfaces.
01:28:27:944  INFO 34580 --- [main] o.s.cloud.context.scope.GenericScope     : BeanFactory id=d371e02c-5a08-3692-be33-6acaf7a8e1ae
01:28:28:322  INFO 34580 --- [main] o.s.b.w.embedded.tomcat.TomcatWebServer  : Tomcat initialized with port(s): 8086 (http)
01:28:28:333  INFO 34580 --- [main] o.apache.catalina.core.StandardService   : Starting service [Tomcat]
01:28:28:333  INFO 34580 --- [main] org.apache.catalina.core.StandardEngine  : Starting Servlet engine: [Apache Tomcat/9.0.75]
01:28:28:476  INFO 34580 --- [main] o.a.c.c.C.[Tomcat].[localhost].[/]       : Initializing Spring embedded WebApplicationContext
01:28:28:477  INFO 34580 --- [main] w.s.c.ServletWebServerApplicationContext : Root WebApplicationContext: initialization completed in 1260 ms
01:28:28:626  INFO 34580 --- [main] o.s.c.openfeign.FeignClientFactoryBean   : For 'user-service' URL not provided. Will try picking an instance via load-balancing.
01:28:29:666  INFO 34580 --- [main] pertySourcedRequestMappingHandlerMapping : Mapped URL path [/v2/api-docs] onto method [springfox.documentation.swagger2.web.Swagger2ControllerWebMvc#getDocumentation(String, HttpServletRequest)]
01:28:30:247  INFO 34580 --- [main] com.alibaba.nacos.common.remote.client   : [RpcClientFactory] create a new rpc client of e0f2dbed-7a2c-4662-bb7a-ecb116838309
01:28:30:248  INFO 34580 --- [main] com.alibaba.nacos.common.remote.client   : [e0f2dbed-7a2c-4662-bb7a-ecb116838309] RpcClient init label, labels = {module=naming, source=sdk}
01:28:30:249  INFO 34580 --- [main] com.alibaba.nacos.common.remote.client   : [e0f2dbed-7a2c-4662-bb7a-ecb116838309] RpcClient init, ServerListFactory = com.alibaba.nacos.client.naming.core.ServerListManager
01:28:30:250  INFO 34580 --- [main] com.alibaba.nacos.common.remote.client   : [e0f2dbed-7a2c-4662-bb7a-ecb116838309] Registry connection listener to current client:com.alibaba.nacos.client.naming.remote.gprc.redo.NamingGrpcRedoService
01:28:30:250  INFO 34580 --- [main] com.alibaba.nacos.common.remote.client   : [e0f2dbed-7a2c-4662-bb7a-ecb116838309] Register server push request handler:com.alibaba.nacos.client.naming.remote.gprc.NamingPushRequestHandler
01:28:30:251  INFO 34580 --- [main] com.alibaba.nacos.common.remote.client   : [e0f2dbed-7a2c-4662-bb7a-ecb116838309] Try to connect to server on start up, server: {serverIp = '127.0.0.1', server main port = 8848}
01:28:30:368  INFO 34580 --- [main] com.alibaba.nacos.common.remote.client   : [e0f2dbed-7a2c-4662-bb7a-ecb116838309] Success to connect to server [127.0.0.1:8848] on start up, connectionId = 1758648510258_127.0.0.1_52028
01:28:30:368  INFO 34580 --- [main] com.alibaba.nacos.common.remote.client   : [e0f2dbed-7a2c-4662-bb7a-ecb116838309] Register server push request handler:com.alibaba.nacos.common.remote.client.RpcClient$ConnectResetRequestHandler
01:28:30:368  INFO 34580 --- [com.alibaba.nacos.client.remote.worker] com.alibaba.nacos.common.remote.client   : [e0f2dbed-7a2c-4662-bb7a-ecb116838309] Notify connected event to listeners.
01:28:30:368  INFO 34580 --- [main] com.alibaba.nacos.common.remote.client   : [e0f2dbed-7a2c-4662-bb7a-ecb116838309] Register server push request handler:com.alibaba.nacos.common.remote.client.RpcClient$$Lambda$416/0x0000000801082958
01:28:30:414  INFO 34580 --- [main] o.s.b.w.embedded.tomcat.TomcatWebServer  : Tomcat started on port(s): 8086 (http) with context path ''
01:28:30:421  INFO 34580 --- [main] c.a.c.n.registry.NacosServiceRegistry    : nacos registry, DEFAULT_GROUP pay-service 192.168.21.1:8086 register finished
01:28:30:595  INFO 34580 --- [main] d.s.w.p.DocumentationPluginsBootstrapper : Documentation plugins bootstrapped
01:28:30:597  INFO 34580 --- [main] d.s.w.p.DocumentationPluginsBootstrapper : Found 1 custom documentation plugin(s)
01:28:30:623  INFO 34580 --- [main] s.d.s.w.s.ApiListingReferenceScanner     : Scanning for api listing references
01:28:30:729  INFO 34580 --- [main] com.hmall.pay.PayApplication             : Started PayApplication in 5.65 seconds (JVM running for 5.976)
01:28:30:734  INFO 34580 --- [main] c.a.c.n.refresh.NacosContextRefresher    : [Nacos Config] Listening config: dataId=pay-service, group=DEFAULT_GROUP
01:28:30:735  INFO 34580 --- [main] c.a.c.n.refresh.NacosContextRefresher    : [Nacos Config] Listening config: dataId=pay-service-dev.yaml, group=DEFAULT_GROUP
01:28:30:735  INFO 34580 --- [main] c.a.c.n.refresh.NacosContextRefresher    : [Nacos Config] Listening config: dataId=pay-service.yaml, group=DEFAULT_GROUP
01:28:30:970  INFO 34580 --- [nacos-grpc-client-executor-6] com.alibaba.nacos.common.remote.client   : [e0f2dbed-7a2c-4662-bb7a-ecb116838309] Receive server push request, request = NotifySubscriberRequest, requestId = 19
01:28:30:975  INFO 34580 --- [nacos-grpc-client-executor-6] com.alibaba.nacos.common.remote.client   : [e0f2dbed-7a2c-4662-bb7a-ecb116838309] Ack server push request, request = NotifySubscriberRequest, requestId = 19
06:50:03:144  WARN 34580 --- [Thread-5] c.a.nacos.common.notify.NotifyCenter     : [NotifyCenter] Start destroying Publisher
06:50:03:145  WARN 34580 --- [Thread-1] c.a.n.common.http.HttpClientBeanHolder   : [HttpClientBeanHolder] Start destroying common HttpClient
06:50:03:164  WARN 34580 --- [Thread-5] c.a.nacos.common.notify.NotifyCenter     : [NotifyCenter] Destruction of the end
06:50:03:182  WARN 34580 --- [Thread-1] c.a.n.common.http.HttpClientBeanHolder   : [HttpClientBeanHolder] Destruction of the end
06:50:03:383  INFO 34580 --- [SpringApplicationShutdownHook] c.a.c.n.registry.NacosServiceRegistry    : De-registering from Nacos Server now...
06:50:03:386  INFO 34580 --- [SpringApplicationShutdownHook] c.a.c.n.registry.NacosServiceRegistry    : De-registration finished.
06:50:03:713  INFO 34580 --- [SpringApplicationShutdownHook] com.alibaba.nacos.common.remote.client   : Shutdown rpc client, set status to shutdown
06:50:03:714  INFO 34580 --- [SpringApplicationShutdownHook] com.alibaba.nacos.common.remote.client   : Shutdown client event executor java.util.concurrent.ScheduledThreadPoolExecutor@5078effa[Running, pool size = 2, active threads = 2, queued tasks = 0, completed tasks = 0]
06:50:03:714  INFO 34580 --- [SpringApplicationShutdownHook] com.alibaba.nacos.common.remote.client   : Close current connection 1758648510258_127.0.0.1_52028
06:50:03:716  INFO 34580 --- [nacos-grpc-client-executor-3873] c.a.n.c.remote.client.grpc.GrpcClient    : [1758648510258_127.0.0.1_52028]Ignore complete event,isRunning:false,isAbandon=false
06:50:03:717  INFO 34580 --- [SpringApplicationShutdownHook] c.a.n.c.remote.client.grpc.GrpcClient    : Shutdown grpc executor java.util.concurrent.ThreadPoolExecutor@66892923[Running, pool size = 4, active threads = 0, queued tasks = 0, completed tasks = 3874]
